<?xml version="1.0" encoding="utf-8"?>
<TestRun id="5b118246-92fb-4dc3-8429-6d714cb78e75" name="deppe@CRAZY4 2026-09-19 18:06:38" runUser="CRAZY4\deppe" xmlns="http://microsoft.com/schemas/VisualStudio/TeamTest/2010">
  <Times creation="2026-09-19T18:06:38.3783695+02:00" queuing="2026-09-19T18:06:38.3783695+02:00" start="2026-09-19T18:06:38.0985405+02:00" finish="2026-09-19T18:06:38.3803735+02:00" />
  <TestSettings name="default" id="abd0c5d7-7f34-4ca9-afc2-ee30dd706969">
    <Deployment runDeploymentRoot="deppe_CRAZY4_2026-09-19_18_06_38" />
  </TestSettings>
  <TestLists>
    <TestList name="Ergebnisse nicht in einer Liste" id="8c84fa94-04c1-424b-9868-57a2d4851a1d" />
    <TestList name="Alle geladenen Ergebnisse" id="19431567-8539-422a-85d7-44ee4e166bda" />
  </TestLists>
  <ResultSummary outcome="Completed">
    <Counters total="0" executed="0" passed="0" failed="0" error="0" timeout="0" aborted="0" inconclusive="0" passedButRunAborted="0" notRunnable="0" notExecuted="0" disconnected="0" warning="0" completed="0" inProgress="0" pending="0" />
    <RunInfos>
      <RunInfo computerName="CRAZY4" outcome="Warning" timestamp="2026-09-19T18:06:38.3645618+02:00">
        <Text>Kein Test entspricht dem angegebenen Testfallfilter "Owner=NonExistent" in "C:\Users\deppe\Desktop\TestGuardianRepo\NachtlaufDemo\x64\Debug\NachtlaufDemo.Tests.dll".</Text>
      </RunInfo>
    </RunInfos>
  </ResultSummary>
</TestRun>