<?xml version="1.0" encoding="utf-8"?>
<TestRun id="d471bb37-ba36-4455-a08b-9e642a3628c5" name="deppe@CRAZY4 2026-09-19 17:58:14" runUser="CRAZY4\deppe" xmlns="http://microsoft.com/schemas/VisualStudio/TeamTest/2010">
  <Times creation="2026-09-19T17:58:14.9212081+02:00" queuing="2026-09-19T17:58:14.9212081+02:00" start="2026-09-19T17:58:14.6719222+02:00" finish="2026-09-19T17:58:14.9481087+02:00" />
  <TestSettings name="default" id="b6c7ffd7-9cfb-4234-87b3-73da28ae4cd1">
    <Deployment runDeploymentRoot="deppe_CRAZY4_2026-09-19_17_58_14" />
  </TestSettings>
  <Results>
    <UnitTestResult executionId="d7a78cec-c362-40b2-9947-96bfc6366ade" testId="37f230e3-29c8-6318-b91e-eb49527af5c4" testName="Test_Multiply_with_Owner" computerName="CRAZY4" testType="13cdc9d9-ddb5-4fa4-a97d-d965ccfc6d4b" outcome="Failed" testListId="8c84fa94-04c1-424b-9868-57a2d4851a1d" relativeResultsDirectory="d7a78cec-c362-40b2-9947-96bfc6366ade">
      <Output>
        <ErrorInfo>
          <Message>Failed to set up the execution context to run the test</Message>
        </ErrorInfo>
      </Output>
    </UnitTestResult>
    <UnitTestResult executionId="022885ba-93f3-4aec-8c2d-987e3cf3f3ee" testId="0effd61c-4105-9682-55b2-786fd7828774" testName="Test_Multiply_without_Owner" computerName="CRAZY4" testType="13cdc9d9-ddb5-4fa4-a97d-d965ccfc6d4b" outcome="Failed" testListId="8c84fa94-04c1-424b-9868-57a2d4851a1d" relativeResultsDirectory="022885ba-93f3-4aec-8c2d-987e3cf3f3ee">
      <Output>
        <ErrorInfo>
          <Message>Failed to set up the execution context to run the test</Message>
        </ErrorInfo>
      </Output>
    </UnitTestResult>
    <UnitTestResult executionId="a056fc06-4ade-4a97-99a6-85297f054270" testId="11c12d94-8716-4446-9101-238497f9d997" testName="Test_Divide_with_Owner" computerName="CRAZY4" testType="13cdc9d9-ddb5-4fa4-a97d-d965ccfc6d4b" outcome="Failed" testListId="8c84fa94-04c1-424b-9868-57a2d4851a1d" relativeResultsDirectory="a056fc06-4ade-4a97-99a6-85297f054270">
      <Output>
        <ErrorInfo>
          <Message>Failed to set up the execution context to run the test</Message>
        </ErrorInfo>
      </Output>
    </UnitTestResult>
    <UnitTestResult executionId="5489f8e4-2735-4a19-b9f5-da0771fcf28b" testId="2b7db7b3-341a-5a99-b3f8-d820afe187d7" testName="Test_Add_without_Owner" computerName="CRAZY4" testType="13cdc9d9-ddb5-4fa4-a97d-d965ccfc6d4b" outcome="Failed" testListId="8c84fa94-04c1-424b-9868-57a2d4851a1d" relativeResultsDirectory="5489f8e4-2735-4a19-b9f5-da0771fcf28b">
      <Output>
        <ErrorInfo>
          <Message>Failed to set up the execution context to run the test</Message>
        </ErrorInfo>
      </Output>
    </UnitTestResult>
    <UnitTestResult executionId="057647d2-fd8f-4047-927b-447ca46bbf8d" testId="9374d704-2f4b-12aa-3245-c6a0e5bb2dfb" testName="Test_Subtract_without_Owner" computerName="CRAZY4" testType="13cdc9d9-ddb5-4fa4-a97d-d965ccfc6d4b" outcome="Failed" testListId="8c84fa94-04c1-424b-9868-57a2d4851a1d" relativeResultsDirectory="057647d2-fd8f-4047-927b-447ca46bbf8d">
      <Output>
        <ErrorInfo>
          <Message>Failed to set up the execution context to run the test</Message>
        </ErrorInfo>
      </Output>
    </UnitTestResult>
    <UnitTestResult executionId="a05fca9d-f9bd-4aff-9d6c-c105d499732a" testId="8c68917b-17a5-72ed-5d45-3b95606776e5" testName="Test_DivideModulo_with_Owner" computerName="CRAZY4" testType="13cdc9d9-ddb5-4fa4-a97d-d965ccfc6d4b" outcome="Failed" testListId="8c84fa94-04c1-424b-9868-57a2d4851a1d" relativeResultsDirectory="a05fca9d-f9bd-4aff-9d6c-c105d499732a">
      <Output>
        <ErrorInfo>
          <Message>Failed to set up the execution context to run the test</Message>
        </ErrorInfo>
      </Output>
    </UnitTestResult>
    <UnitTestResult executionId="0f104887-ab3e-4c5d-a03f-74ce10493d53" testId="c2a61ceb-a918-0cb8-e8a2-9c56b19514a4" testName="Test_Subtract_with_Owner" computerName="CRAZY4" testType="13cdc9d9-ddb5-4fa4-a97d-d965ccfc6d4b" outcome="Failed" testListId="8c84fa94-04c1-424b-9868-57a2d4851a1d" relativeResultsDirectory="0f104887-ab3e-4c5d-a03f-74ce10493d53">
      <Output>
        <ErrorInfo>
          <Message>Failed to set up the execution context to run the test</Message>
        </ErrorInfo>
      </Output>
    </UnitTestResult>
    <UnitTestResult executionId="455937d3-d498-422d-81e2-5257108e1ffb" testId="4baffb7f-c5ab-9833-b232-9d2113f40ee2" testName="Test_Add_without_Owner" computerName="CRAZY4" testType="13cdc9d9-ddb5-4fa4-a97d-d965ccfc6d4b" outcome="Failed" testListId="8c84fa94-04c1-424b-9868-57a2d4851a1d" relativeResultsDirectory="455937d3-d498-422d-81e2-5257108e1ffb">
      <Output>
        <ErrorInfo>
          <Message>Failed to set up the execution context to run the test</Message>
        </ErrorInfo>
      </Output>
    </UnitTestResult>
    <UnitTestResult executionId="4a33b369-0a98-427f-b12d-b9fd9befd68c" testId="ad2a0d84-6fb8-5dac-61c6-d0116bbe2457" testName="Test_Multiply_with_Owner" computerName="CRAZY4" testType="13cdc9d9-ddb5-4fa4-a97d-d965ccfc6d4b" outcome="Failed" testListId="8c84fa94-04c1-424b-9868-57a2d4851a1d" relativeResultsDirectory="4a33b369-0a98-427f-b12d-b9fd9befd68c">
      <Output>
        <ErrorInfo>
          <Message>Failed to set up the execution context to run the test</Message>
        </ErrorInfo>
      </Output>
    </UnitTestResult>
  </Results>
  <TestDefinitions>
    <UnitTest name="Test_DivideModulo_with_Owner" storage="c:\users\deppe\desktop\testguardianrepo\nachtlaufdemo\x64\debug\nachtlaufdemo.tests.dll" id="8c68917b-17a5-72ed-5d45-3b95606776e5">
      <Owners>
        <Owner name="Nachtlauf" />
      </Owners>
      <Execution id="a05fca9d-f9bd-4aff-9d6c-c105d499732a" />
      <TestMethod codeBase="C:\Users\deppe\Desktop\TestGuardianRepo\NachtlaufDemo\x64\Debug\NachtlaufDemo.Tests.dll" adapterTypeName="executor://cppunittestexecutor/v1" className="NachtlaufDemoTests.NachtlaufDemoTests" name="NachtlaufDemoTests::NachtlaufDemoTests::Test_DivideModulo_with_Owner" />
    </UnitTest>
    <UnitTest name="Test_Add_without_Owner" storage="c:\users\deppe\desktop\testguardianrepo\nachtlaufdemo\x64\debug\nachtlaufdemo.tests.dll" id="4baffb7f-c5ab-9833-b232-9d2113f40ee2">
      <Execution id="455937d3-d498-422d-81e2-5257108e1ffb" />
      <TestMethod codeBase="C:\Users\deppe\Desktop\TestGuardianRepo\NachtlaufDemo\x64\Debug\NachtlaufDemo.Tests.dll" adapterTypeName="executor://cppunittestexecutor/v1" className="TaglaufDemoTests.NachtlaufDemoTests" name="TaglaufDemoTests::NachtlaufDemoTests::Test_Add_without_Owner" />
    </UnitTest>
    <UnitTest name="Test_Multiply_with_Owner" storage="c:\users\deppe\desktop\testguardianrepo\nachtlaufdemo\x64\debug\nachtlaufdemo.tests.dll" id="ad2a0d84-6fb8-5dac-61c6-d0116bbe2457">
      <Owners>
        <Owner name="Taglauf" />
      </Owners>
      <Execution id="4a33b369-0a98-427f-b12d-b9fd9befd68c" />
      <TestMethod codeBase="C:\Users\deppe\Desktop\TestGuardianRepo\NachtlaufDemo\x64\Debug\NachtlaufDemo.Tests.dll" adapterTypeName="executor://cppunittestexecutor/v1" className="TaglaufDemoTests.NachtlaufDemoTests" name="TaglaufDemoTests::NachtlaufDemoTests::Test_Multiply_with_Owner" />
    </UnitTest>
    <UnitTest name="Test_Divide_with_Owner" storage="c:\users\deppe\desktop\testguardianrepo\nachtlaufdemo\x64\debug\nachtlaufdemo.tests.dll" id="11c12d94-8716-4446-9101-238497f9d997">
      <Owners>
        <Owner name="Nachtlauf" />
      </Owners>
      <Execution id="a056fc06-4ade-4a97-99a6-85297f054270" />
      <TestMethod codeBase="C:\Users\deppe\Desktop\TestGuardianRepo\NachtlaufDemo\x64\Debug\NachtlaufDemo.Tests.dll" adapterTypeName="executor://cppunittestexecutor/v1" className="NachtlaufDemoTests.NachtlaufDemoTests" name="NachtlaufDemoTests::NachtlaufDemoTests::Test_Divide_with_Owner" />
    </UnitTest>
    <UnitTest name="Test_Multiply_with_Owner" storage="c:\users\deppe\desktop\testguardianrepo\nachtlaufdemo\x64\debug\nachtlaufdemo.tests.dll" id="37f230e3-29c8-6318-b91e-eb49527af5c4">
      <Owners>
        <Owner name="Nachtlauf" />
      </Owners>
      <Execution id="d7a78cec-c362-40b2-9947-96bfc6366ade" />
      <TestMethod codeBase="C:\Users\deppe\Desktop\TestGuardianRepo\NachtlaufDemo\x64\Debug\NachtlaufDemo.Tests.dll" adapterTypeName="executor://cppunittestexecutor/v1" className="NachtlaufDemoTests.NachtlaufDemoTests" name="NachtlaufDemoTests::NachtlaufDemoTests::Test_Multiply_with_Owner" />
    </UnitTest>
    <UnitTest name="Test_Multiply_without_Owner" storage="c:\users\deppe\desktop\testguardianrepo\nachtlaufdemo\x64\debug\nachtlaufdemo.tests.dll" id="0effd61c-4105-9682-55b2-786fd7828774">
      <Execution id="022885ba-93f3-4aec-8c2d-987e3cf3f3ee" />
      <TestMethod codeBase="C:\Users\deppe\Desktop\TestGuardianRepo\NachtlaufDemo\x64\Debug\NachtlaufDemo.Tests.dll" adapterTypeName="executor://cppunittestexecutor/v1" className="NachtlaufDemoTests.NachtlaufDemoTests" name="NachtlaufDemoTests::NachtlaufDemoTests::Test_Multiply_without_Owner" />
    </UnitTest>
    <UnitTest name="Test_Subtract_without_Owner" storage="c:\users\deppe\desktop\testguardianrepo\nachtlaufdemo\x64\debug\nachtlaufdemo.tests.dll" id="9374d704-2f4b-12aa-3245-c6a0e5bb2dfb">
      <Execution id="057647d2-fd8f-4047-927b-447ca46bbf8d" />
      <TestMethod codeBase="C:\Users\deppe\Desktop\TestGuardianRepo\NachtlaufDemo\x64\Debug\NachtlaufDemo.Tests.dll" adapterTypeName="executor://cppunittestexecutor/v1" className="NachtlaufDemoTests.NachtlaufDemoTests" name="NachtlaufDemoTests::NachtlaufDemoTests::Test_Subtract_without_Owner" />
    </UnitTest>
    <UnitTest name="Test_Add_without_Owner" storage="c:\users\deppe\desktop\testguardianrepo\nachtlaufdemo\x64\debug\nachtlaufdemo.tests.dll" id="2b7db7b3-341a-5a99-b3f8-d820afe187d7">
      <Execution id="5489f8e4-2735-4a19-b9f5-da0771fcf28b" />
      <TestMethod codeBase="C:\Users\deppe\Desktop\TestGuardianRepo\NachtlaufDemo\x64\Debug\NachtlaufDemo.Tests.dll" adapterTypeName="executor://cppunittestexecutor/v1" className="NachtlaufDemoTests.NachtlaufDemoTests" name="NachtlaufDemoTests::NachtlaufDemoTests::Test_Add_without_Owner" />
    </UnitTest>
    <UnitTest name="Test_Subtract_with_Owner" storage="c:\users\deppe\desktop\testguardianrepo\nachtlaufdemo\x64\debug\nachtlaufdemo.tests.dll" id="c2a61ceb-a918-0cb8-e8a2-9c56b19514a4">
      <Owners>
        <Owner name="Taglauf" />
      </Owners>
      <Execution id="0f104887-ab3e-4c5d-a03f-74ce10493d53" />
      <TestMethod codeBase="C:\Users\deppe\Desktop\TestGuardianRepo\NachtlaufDemo\x64\Debug\NachtlaufDemo.Tests.dll" adapterTypeName="executor://cppunittestexecutor/v1" className="TaglaufDemoTests.NachtlaufDemoTests" name="TaglaufDemoTests::NachtlaufDemoTests::Test_Subtract_with_Owner" />
    </UnitTest>
  </TestDefinitions>
  <TestEntries>
    <TestEntry testId="37f230e3-29c8-6318-b91e-eb49527af5c4" executionId="d7a78cec-c362-40b2-9947-96bfc6366ade" testListId="8c84fa94-04c1-424b-9868-57a2d4851a1d" />
    <TestEntry testId="0effd61c-4105-9682-55b2-786fd7828774" executionId="022885ba-93f3-4aec-8c2d-987e3cf3f3ee" testListId="8c84fa94-04c1-424b-9868-57a2d4851a1d" />
    <TestEntry testId="11c12d94-8716-4446-9101-238497f9d997" executionId="a056fc06-4ade-4a97-99a6-85297f054270" testListId="8c84fa94-04c1-424b-9868-57a2d4851a1d" />
    <TestEntry testId="2b7db7b3-341a-5a99-b3f8-d820afe187d7" executionId="5489f8e4-2735-4a19-b9f5-da0771fcf28b" testListId="8c84fa94-04c1-424b-9868-57a2d4851a1d" />
    <TestEntry testId="9374d704-2f4b-12aa-3245-c6a0e5bb2dfb" executionId="057647d2-fd8f-4047-927b-447ca46bbf8d" testListId="8c84fa94-04c1-424b-9868-57a2d4851a1d" />
    <TestEntry testId="8c68917b-17a5-72ed-5d45-3b95606776e5" executionId="a05fca9d-f9bd-4aff-9d6c-c105d499732a" testListId="8c84fa94-04c1-424b-9868-57a2d4851a1d" />
    <TestEntry testId="c2a61ceb-a918-0cb8-e8a2-9c56b19514a4" executionId="0f104887-ab3e-4c5d-a03f-74ce10493d53" testListId="8c84fa94-04c1-424b-9868-57a2d4851a1d" />
    <TestEntry testId="4baffb7f-c5ab-9833-b232-9d2113f40ee2" executionId="455937d3-d498-422d-81e2-5257108e1ffb" testListId="8c84fa94-04c1-424b-9868-57a2d4851a1d" />
    <TestEntry testId="ad2a0d84-6fb8-5dac-61c6-d0116bbe2457" executionId="4a33b369-0a98-427f-b12d-b9fd9befd68c" testListId="8c84fa94-04c1-424b-9868-57a2d4851a1d" />
  </TestEntries>
  <TestLists>
    <TestList name="Ergebnisse nicht in einer Liste" id="8c84fa94-04c1-424b-9868-57a2d4851a1d" />
    <TestList name="Alle geladenen Ergebnisse" id="19431567-8539-422a-85d7-44ee4e166bda" />
  </TestLists>
  <ResultSummary outcome="Failed">
    <Counters total="9" executed="9" passed="0" failed="9" error="0" timeout="0" aborted="0" inconclusive="0" passedButRunAborted="0" notRunnable="0" notExecuted="0" disconnected="0" warning="0" completed="0" inProgress="0" pending="0" />
  </ResultSummary>
</TestRun>