<?xml version="1.0" encoding="utf-8"?>
<TestRun id="7e4c9212-957d-4ed9-9a47-b462a4da6af9" name="deppe@CRAZY4 2026-09-19 17:59:47" runUser="CRAZY4\deppe" xmlns="http://microsoft.com/schemas/VisualStudio/TeamTest/2010">
  <Times creation="2026-09-19T17:59:47.1264730+02:00" queuing="2026-09-19T17:59:47.1264730+02:00" start="2026-09-19T17:59:46.8020765+02:00" finish="2026-09-19T17:59:47.1506885+02:00" />
  <TestSettings name="default" id="ee2f1196-c552-4601-a80e-e3fd30ed1f2c">
    <Deployment runDeploymentRoot="deppe_CRAZY4_2026-09-19_17_59_47" />
  </TestSettings>
  <Results>
    <UnitTestResult executionId="9e180842-db39-4f7c-9924-2ad53836fcba" testId="8c68917b-17a5-72ed-5d45-3b95606776e5" testName="Test_DivideModulo_with_Owner" computerName="CRAZY4" duration="00:00:00.0744163" startTime="2026-09-19T17:59:47.0216839+02:00" endTime="2026-09-19T17:59:47.0961002+02:00" testType="13cdc9d9-ddb5-4fa4-a97d-d965ccfc6d4b" outcome="Failed" testListId="8c84fa94-04c1-424b-9868-57a2d4851a1d" relativeResultsDirectory="9e180842-db39-4f7c-9924-2ad53836fcba">
      <Output>
        <ErrorInfo>
          <Message>Assert failed</Message>
          <StackTrace>	at NachtlaufDemoTests::NachtlaufDemoTests::Test_DivideModulo_with_Owner() in C:\Users\deppe\Desktop\TestGuardianRepo\NachtlaufDemo\NachtlaufDemo.Tests\NachtlaufTests.cpp:line 86</StackTrace>
        </ErrorInfo>
      </Output>
    </UnitTestResult>
    <UnitTestResult executionId="08980524-0284-429a-b90d-5418ddae5832" testId="11c12d94-8716-4446-9101-238497f9d997" testName="Test_Divide_with_Owner" computerName="CRAZY4" duration="00:00:00.0000012" startTime="2026-09-19T17:59:47.0216839+02:00" endTime="2026-09-19T17:59:47.0216851+02:00" testType="13cdc9d9-ddb5-4fa4-a97d-d965ccfc6d4b" outcome="Passed" testListId="8c84fa94-04c1-424b-9868-57a2d4851a1d" relativeResultsDirectory="08980524-0284-429a-b90d-5418ddae5832" />
    <UnitTestResult executionId="1d070993-194f-4f22-861a-614dd304ac77" testId="0effd61c-4105-9682-55b2-786fd7828774" testName="Test_Multiply_without_Owner" computerName="CRAZY4" duration="00:00:00.0000016" startTime="2026-09-19T17:59:47.0216839+02:00" endTime="2026-09-19T17:59:47.0216855+02:00" testType="13cdc9d9-ddb5-4fa4-a97d-d965ccfc6d4b" outcome="Passed" testListId="8c84fa94-04c1-424b-9868-57a2d4851a1d" relativeResultsDirectory="1d070993-194f-4f22-861a-614dd304ac77" />
    <UnitTestResult executionId="13977bc3-d738-402a-af85-a381c36683ba" testId="9374d704-2f4b-12aa-3245-c6a0e5bb2dfb" testName="Test_Subtract_without_Owner" computerName="CRAZY4" duration="00:00:00.0000019" startTime="2026-09-19T17:59:47.0216839+02:00" endTime="2026-09-19T17:59:47.0216858+02:00" testType="13cdc9d9-ddb5-4fa4-a97d-d965ccfc6d4b" outcome="Passed" testListId="8c84fa94-04c1-424b-9868-57a2d4851a1d" relativeResultsDirectory="13977bc3-d738-402a-af85-a381c36683ba" />
    <UnitTestResult executionId="82be23f1-c621-4450-a96a-1035f1ef48ad" testId="ad2a0d84-6fb8-5dac-61c6-d0116bbe2457" testName="Test_Multiply_with_Owner" computerName="CRAZY4" duration="00:00:00.0000012" startTime="2026-09-19T17:59:47.1104730+02:00" endTime="2026-09-19T17:59:47.1104742+02:00" testType="13cdc9d9-ddb5-4fa4-a97d-d965ccfc6d4b" outcome="Passed" testListId="8c84fa94-04c1-424b-9868-57a2d4851a1d" relativeResultsDirectory="82be23f1-c621-4450-a96a-1035f1ef48ad" />
    <UnitTestResult executionId="c3514cbc-1a5c-45e8-be54-da95e22bfa08" testId="c2a61ceb-a918-0cb8-e8a2-9c56b19514a4" testName="Test_Subtract_with_Owner" computerName="CRAZY4" duration="00:00:00.0000017" startTime="2026-09-19T17:59:47.1104730+02:00" endTime="2026-09-19T17:59:47.1104747+02:00" testType="13cdc9d9-ddb5-4fa4-a97d-d965ccfc6d4b" outcome="Passed" testListId="8c84fa94-04c1-424b-9868-57a2d4851a1d" relativeResultsDirectory="c3514cbc-1a5c-45e8-be54-da95e22bfa08" />
    <UnitTestResult executionId="62c88959-2f1b-4967-bbdf-8994f8498971" testId="4baffb7f-c5ab-9833-b232-9d2113f40ee2" testName="Test_Add_without_Owner" computerName="CRAZY4" duration="00:00:00.0000023" startTime="2026-09-19T17:59:47.1104730+02:00" endTime="2026-09-19T17:59:47.1104753+02:00" testType="13cdc9d9-ddb5-4fa4-a97d-d965ccfc6d4b" outcome="Passed" testListId="8c84fa94-04c1-424b-9868-57a2d4851a1d" relativeResultsDirectory="62c88959-2f1b-4967-bbdf-8994f8498971" />
    <UnitTestResult executionId="540bebd9-8c2f-4dfd-a123-60b7657fb312" testId="2b7db7b3-341a-5a99-b3f8-d820afe187d7" testName="Test_Add_without_Owner" computerName="CRAZY4" duration="00:00:00.0000045" startTime="2026-09-19T17:59:47.0216839+02:00" endTime="2026-09-19T17:59:47.0216884+02:00" testType="13cdc9d9-ddb5-4fa4-a97d-d965ccfc6d4b" outcome="Passed" testListId="8c84fa94-04c1-424b-9868-57a2d4851a1d" relativeResultsDirectory="540bebd9-8c2f-4dfd-a123-60b7657fb312" />
    <UnitTestResult executionId="73c35416-68e3-45dc-834c-259a7db18b81" testId="37f230e3-29c8-6318-b91e-eb49527af5c4" testName="Test_Multiply_with_Owner" computerName="CRAZY4" duration="00:00:00.0000012" startTime="2026-09-19T17:59:47.0216839+02:00" endTime="2026-09-19T17:59:47.0216851+02:00" testType="13cdc9d9-ddb5-4fa4-a97d-d965ccfc6d4b" outcome="Passed" testListId="8c84fa94-04c1-424b-9868-57a2d4851a1d" relativeResultsDirectory="73c35416-68e3-45dc-834c-259a7db18b81" />
  </Results>
  <TestDefinitions>
    <UnitTest name="Test_DivideModulo_with_Owner" storage="c:\users\deppe\desktop\testguardianrepo\nachtlaufdemo\x64\debug\nachtlaufdemo.tests.dll" id="8c68917b-17a5-72ed-5d45-3b95606776e5">
      <Owners>
        <Owner name="Nachtlauf" />
      </Owners>
      <Execution id="9e180842-db39-4f7c-9924-2ad53836fcba" />
      <TestMethod codeBase="C:\Users\deppe\Desktop\TestGuardianRepo\NachtlaufDemo\x64\Debug\NachtlaufDemo.Tests.dll" adapterTypeName="executor://cppunittestexecutor/v1" className="NachtlaufDemoTests.NachtlaufDemoTests" name="NachtlaufDemoTests::NachtlaufDemoTests::Test_DivideModulo_with_Owner" />
    </UnitTest>
    <UnitTest name="Test_Add_without_Owner" storage="c:\users\deppe\desktop\testguardianrepo\nachtlaufdemo\x64\debug\nachtlaufdemo.tests.dll" id="4baffb7f-c5ab-9833-b232-9d2113f40ee2">
      <Execution id="62c88959-2f1b-4967-bbdf-8994f8498971" />
      <TestMethod codeBase="C:\Users\deppe\Desktop\TestGuardianRepo\NachtlaufDemo\x64\Debug\NachtlaufDemo.Tests.dll" adapterTypeName="executor://cppunittestexecutor/v1" className="TaglaufDemoTests.NachtlaufDemoTests" name="TaglaufDemoTests::NachtlaufDemoTests::Test_Add_without_Owner" />
    </UnitTest>
    <UnitTest name="Test_Multiply_with_Owner" storage="c:\users\deppe\desktop\testguardianrepo\nachtlaufdemo\x64\debug\nachtlaufdemo.tests.dll" id="ad2a0d84-6fb8-5dac-61c6-d0116bbe2457">
      <Owners>
        <Owner name="Taglauf" />
      </Owners>
      <Execution id="82be23f1-c621-4450-a96a-1035f1ef48ad" />
      <TestMethod codeBase="C:\Users\deppe\Desktop\TestGuardianRepo\NachtlaufDemo\x64\Debug\NachtlaufDemo.Tests.dll" adapterTypeName="executor://cppunittestexecutor/v1" className="TaglaufDemoTests.NachtlaufDemoTests" name="TaglaufDemoTests::NachtlaufDemoTests::Test_Multiply_with_Owner" />
    </UnitTest>
    <UnitTest name="Test_Divide_with_Owner" storage="c:\users\deppe\desktop\testguardianrepo\nachtlaufdemo\x64\debug\nachtlaufdemo.tests.dll" id="11c12d94-8716-4446-9101-238497f9d997">
      <Owners>
        <Owner name="Nachtlauf" />
      </Owners>
      <Execution id="08980524-0284-429a-b90d-5418ddae5832" />
      <TestMethod codeBase="C:\Users\deppe\Desktop\TestGuardianRepo\NachtlaufDemo\x64\Debug\NachtlaufDemo.Tests.dll" adapterTypeName="executor://cppunittestexecutor/v1" className="NachtlaufDemoTests.NachtlaufDemoTests" name="NachtlaufDemoTests::NachtlaufDemoTests::Test_Divide_with_Owner" />
    </UnitTest>
    <UnitTest name="Test_Multiply_with_Owner" storage="c:\users\deppe\desktop\testguardianrepo\nachtlaufdemo\x64\debug\nachtlaufdemo.tests.dll" id="37f230e3-29c8-6318-b91e-eb49527af5c4">
      <Owners>
        <Owner name="Nachtlauf" />
      </Owners>
      <Execution id="73c35416-68e3-45dc-834c-259a7db18b81" />
      <TestMethod codeBase="C:\Users\deppe\Desktop\TestGuardianRepo\NachtlaufDemo\x64\Debug\NachtlaufDemo.Tests.dll" adapterTypeName="executor://cppunittestexecutor/v1" className="NachtlaufDemoTests.NachtlaufDemoTests" name="NachtlaufDemoTests::NachtlaufDemoTests::Test_Multiply_with_Owner" />
    </UnitTest>
    <UnitTest name="Test_Multiply_without_Owner" storage="c:\users\deppe\desktop\testguardianrepo\nachtlaufdemo\x64\debug\nachtlaufdemo.tests.dll" id="0effd61c-4105-9682-55b2-786fd7828774">
      <Execution id="1d070993-194f-4f22-861a-614dd304ac77" />
      <TestMethod codeBase="C:\Users\deppe\Desktop\TestGuardianRepo\NachtlaufDemo\x64\Debug\NachtlaufDemo.Tests.dll" adapterTypeName="executor://cppunittestexecutor/v1" className="NachtlaufDemoTests.NachtlaufDemoTests" name="NachtlaufDemoTests::NachtlaufDemoTests::Test_Multiply_without_Owner" />
    </UnitTest>
    <UnitTest name="Test_Subtract_without_Owner" storage="c:\users\deppe\desktop\testguardianrepo\nachtlaufdemo\x64\debug\nachtlaufdemo.tests.dll" id="9374d704-2f4b-12aa-3245-c6a0e5bb2dfb">
      <Execution id="13977bc3-d738-402a-af85-a381c36683ba" />
      <TestMethod codeBase="C:\Users\deppe\Desktop\TestGuardianRepo\NachtlaufDemo\x64\Debug\NachtlaufDemo.Tests.dll" adapterTypeName="executor://cppunittestexecutor/v1" className="NachtlaufDemoTests.NachtlaufDemoTests" name="NachtlaufDemoTests::NachtlaufDemoTests::Test_Subtract_without_Owner" />
    </UnitTest>
    <UnitTest name="Test_Add_without_Owner" storage="c:\users\deppe\desktop\testguardianrepo\nachtlaufdemo\x64\debug\nachtlaufdemo.tests.dll" id="2b7db7b3-341a-5a99-b3f8-d820afe187d7">
      <Execution id="540bebd9-8c2f-4dfd-a123-60b7657fb312" />
      <TestMethod codeBase="C:\Users\deppe\Desktop\TestGuardianRepo\NachtlaufDemo\x64\Debug\NachtlaufDemo.Tests.dll" adapterTypeName="executor://cppunittestexecutor/v1" className="NachtlaufDemoTests.NachtlaufDemoTests" name="NachtlaufDemoTests::NachtlaufDemoTests::Test_Add_without_Owner" />
    </UnitTest>
    <UnitTest name="Test_Subtract_with_Owner" storage="c:\users\deppe\desktop\testguardianrepo\nachtlaufdemo\x64\debug\nachtlaufdemo.tests.dll" id="c2a61ceb-a918-0cb8-e8a2-9c56b19514a4">
      <Owners>
        <Owner name="Taglauf" />
      </Owners>
      <Execution id="c3514cbc-1a5c-45e8-be54-da95e22bfa08" />
      <TestMethod codeBase="C:\Users\deppe\Desktop\TestGuardianRepo\NachtlaufDemo\x64\Debug\NachtlaufDemo.Tests.dll" adapterTypeName="executor://cppunittestexecutor/v1" className="TaglaufDemoTests.NachtlaufDemoTests" name="TaglaufDemoTests::NachtlaufDemoTests::Test_Subtract_with_Owner" />
    </UnitTest>
  </TestDefinitions>
  <TestEntries>
    <TestEntry testId="8c68917b-17a5-72ed-5d45-3b95606776e5" executionId="9e180842-db39-4f7c-9924-2ad53836fcba" testListId="8c84fa94-04c1-424b-9868-57a2d4851a1d" />
    <TestEntry testId="11c12d94-8716-4446-9101-238497f9d997" executionId="08980524-0284-429a-b90d-5418ddae5832" testListId="8c84fa94-04c1-424b-9868-57a2d4851a1d" />
    <TestEntry testId="0effd61c-4105-9682-55b2-786fd7828774" executionId="1d070993-194f-4f22-861a-614dd304ac77" testListId="8c84fa94-04c1-424b-9868-57a2d4851a1d" />
    <TestEntry testId="9374d704-2f4b-12aa-3245-c6a0e5bb2dfb" executionId="13977bc3-d738-402a-af85-a381c36683ba" testListId="8c84fa94-04c1-424b-9868-57a2d4851a1d" />
    <TestEntry testId="ad2a0d84-6fb8-5dac-61c6-d0116bbe2457" executionId="82be23f1-c621-4450-a96a-1035f1ef48ad" testListId="8c84fa94-04c1-424b-9868-57a2d4851a1d" />
    <TestEntry testId="c2a61ceb-a918-0cb8-e8a2-9c56b19514a4" executionId="c3514cbc-1a5c-45e8-be54-da95e22bfa08" testListId="8c84fa94-04c1-424b-9868-57a2d4851a1d" />
    <TestEntry testId="4baffb7f-c5ab-9833-b232-9d2113f40ee2" executionId="62c88959-2f1b-4967-bbdf-8994f8498971" testListId="8c84fa94-04c1-424b-9868-57a2d4851a1d" />
    <TestEntry testId="2b7db7b3-341a-5a99-b3f8-d820afe187d7" executionId="540bebd9-8c2f-4dfd-a123-60b7657fb312" testListId="8c84fa94-04c1-424b-9868-57a2d4851a1d" />
    <TestEntry testId="37f230e3-29c8-6318-b91e-eb49527af5c4" executionId="73c35416-68e3-45dc-834c-259a7db18b81" testListId="8c84fa94-04c1-424b-9868-57a2d4851a1d" />
  </TestEntries>
  <TestLists>
    <TestList name="Ergebnisse nicht in einer Liste" id="8c84fa94-04c1-424b-9868-57a2d4851a1d" />
    <TestList name="Alle geladenen Ergebnisse" id="19431567-8539-422a-85d7-44ee4e166bda" />
  </TestLists>
  <ResultSummary outcome="Failed">
    <Counters total="9" executed="9" passed="8" failed="1" error="0" timeout="0" aborted="0" inconclusive="0" passedButRunAborted="0" notRunnable="0" notExecuted="0" disconnected="0" warning="0" completed="0" inProgress="0" pending="0" />
  </ResultSummary>
</TestRun>